'bc'
'12'
'utf8'
'binascii'

b'ot'
'cba'
'mnmnmmnmmnmnnmnnnmn'
'do_not_change'[::-_1]
