print('hel"lo')
print('hel"lo')
print('hel"lo')
base64.some_func("AAAA")

gc
