B.join(B**3 for B in [130,173,227,166,177,177,172,177,227,172,160,160,182,177,177,166,167,249,227,230,176])

(lambda a,b,c:a+b+b)(1,2,3)
