os.open
subprocess.check_output
getattr(obj, "sth", "default")
