x = vars
y = lambda ooOOODDOODODooOOoD:xcz
z = lambda ooOOODDOODODooOOoD:vars().aaa
z2 = lambda ooOOODDOODODooOOoD:vars(a)
