xxx.bool

getattr(builtins,dir(builtins)[dir(builtins).index(aaa)])
