aPf3h='application/json'
Hs3hf={'Content-type':'application/json'}
