from base64 import b64encode, something as invoke

import base64 as xyz

import torch.nn as nn
from torch.nn.parallel import DistributedDataParallel

from subprocess import run as run
import matplotlib.pyplot as plt
import bitcoin.core.script as script

import numpy as np

torch.nn()
torch.nn()
base64.something("aaa")

def function_with_renamed_parameter(self, serial_id: int, script: str, sats: int) -> None:
    txout = CTxOut(sats, CScript(bytes.fromhex(script)))

bitcoin.core.script = aa()

def aa(self, other: str):
    bitcoin.core.script(other)

run("aaa")
np.array()
plt.plot()
bitcoin.core.script.something("aaaa")

base64.something("aaaa")

def aaa():
    base64.something("aaaa")

def script(other: str):
    pass

import RPi.GPIO as GPIO

def func():
    global GPIO
    if RPi.GPIO is None:
        pass
