'aW1wb3J0IHRlbXBmaWxlLCBzdWJwcm9jZXNzLCBvcywgc3lzICwgcG'

'aW1wb3J0IHRlbXBmaWxlLCBzdWJwcm9jZXNzLCBvcywgc3lzICwgcG'

'aW1wb3J0IHRlbXBmaWxlLCBzdWJwcm9jZXNzLCBvcywgc3lzICwgcG'