import base64
from base64 import b64decode

b'abc'
b'abc'

b'abc'
