AES.new(b"12345678912345671234567891234567", AES.MODE_CBC, iv=iv).decrypt(b'\x94G\x0f\x06\xd3#\xb4V\xf3%U\xc5V\x08\xa9m')
b'aaa\r\r\r\r\r\r\r\r\r\r\r\r\r'