x = 'IIllllllllIlllIIIIlllIIll'

y = 'm'
z = 'llll'

chr(a)

