IlIIIllIIllIIIlllll=aaa

sssss=123

yes=True

globals()['Ids'] = Ids

oooOODooOoooOoDODoooO("aaa")
