
print('hello')
print('hello')
print('hello')
print('hello')

print('hel"lo')
print('hello')
print('hello')
print('hello')
getattr(builtins, sth("aaa"))("print('hello')")

getattr


saveFile = QAction(QIcon('pyfem/qt/img/save128.png'),'&Save', self )