private_key = RSA.import_key('''-----BEGIN RSA PRIVATE KEY-----
MIIEpAIBAAKCAQEA1zGNOkyK3eIoimhfyp792fbbhxurWQSlKj3va3BmRcaVHNKo
JGm/JpZuSRRqhmVNDWET6AEEbhysI/yKAPddnPaXHD5muO8lyRZOIGtN3Aj0673v
O+DKcDDG4ke5pBEDW9iqPWEOQH0weHntLNcz9PyQ1uMwrdbpjR+FhQMKbLGKE6dA
i0JOVrDv8ytoEFnt44WG2FwyH+JB3vc3//AIuYzyBZ+bZoMIPhW8AsV4c4sQkz/T
28hLWV4GVtkpmRNbL1TeL3yyenk3fnnyEOwVmZHEkPMXNWmY9v0d/24peuGqK6J0
ohU0Padc4AoENjC0IcsBBwy9OoRMhzmj43kg0wIDAQABAoIBAB9NvIMeDldfplEY
BNNHVJsn72BUlJTy+YnPD6x74czFqfxS4pXFckKNQIbN+v8I7nADTq+BsmDIN/xW
KMciNNJ4BpxbsXq2gzMg1QWfRmi7PtGqRApcVWaDmfLhxy4IMYpjVsRuAXI9I9dq
uSc8OPkq4nD4BKVNLZVTYAts2U/dMXLsqMKT63XT/xzK7B/QJSCzUYtY7h00GvCN
F1dICbAWhojtokQOz6GeWEvIQTzSLjbvIEcWHyFdSNp93nlaEa55X9dI8jIaNHc1
UvGCGmqFutICqLPHBki7siFJ6HnKyMY1inuVg+jM2FsHdn+pSnT63tbERa9bqHLp
qQL3dQkCgYEA5zjg6/IwA5WuEsjC1Cgv9cxMSzuJjZljQ3djF7j1rGoW5useXInN
EeaCEqIpA9eZTqBLh793TSA5wjU/5s9T/WLgt2FM8iM8oL0qxdirIGNGQuJe/SO6
BG9UbmAXUaZT5WuGlu+lh3MeuzvqQTbNfwf3ONxyEbk191ftqroCrTkCgYEA7kD1
riG/KyRF9PnpYPzmgNsFdE68ZXHheNyurEARELrrd4JQErYRVjwiTis6BseYeLSN
jaOMljWxgV/x0mrIKOXQh55TzTOvt8lG2CYE/3P4vMc61nuL5C50cqPxhVVfXYdm
pUNEJZ6mTKff+PD5KbwkliLeHJrmmyXC2iTKimsCgYEA5QjlWzJSNyrL/BVbT7Xj
E/HjXN5DubxHpCudP4FZ8QhBWUlqkLV7KZEQJQ7127VzSXvkdTnGHeKe8+21N5cF
FkgcWemKw4r94iafOM0PbYyIq3X6K3t5Ji11D8QlNR6xmd4xuk71wz7YIRUPTLvR
QFSOoYdTgpTYjQJPDL8mKZkCgYEA7DI0HbRQ++kS/YFAT6mIrpfzeVGRThSvDY3i
ENvWzzovs6PZ1CLxXwdwjwQlm5EGZCvC5XcNKeEDH5pJd2vrETh8Gebpd1ZVTqNY
+3H9pG6JWkU83GNQ1R8EzJ4hEykGyQcxyIa+KXl1risDTJ1AtpJRxxG8FqmuEoNF
/9NXhA8CgYB3oC2YZFsIl3vnJiha6N4kfH8sHSeTbcvrdn0AACYxLJ3/gvkGb83g
2IfF/hYwvA9FApUe2LAJh06ajr2qJYHlwatdvGgeew+U3XaKJL6rUAV1u/wj+LzX
8G6PAmOyntgn3oOdd+zU+el77hDxfB6XZo5PRONmJiTdJQbKBzbTEg==
-----END RSA PRIVATE KEY-----''')

def decrypt_rsa(cipher_text, private_key):
    rsa_cipher = PKCS1_OAEP.new(private_key)
    decrypted_data = bytearray()
    block_size = 256
    for block_start in range(0, len(cipher_text), block_size):
        block = cipher_text[block_start:block_start + block_size]
        decrypted_data.extend(rsa_cipher.decrypt(block))
    return bytes(decrypted_data)

decrypted_session_key = b';\x80\xe4\xd1\x9e\xac%\xdc\xf3\xb3\x04\n\xa7)$\xa2\xba\xb5\x86\xfd\xfbd#\xba\x0c\xdc\xbd\xe9j\xe7\xc6\x86\x95\xce\xbe\x9f\xf4\xb2S\xd1\xfc2\xf5\xdbn\xae\x8e\xda\x06\\W(m>1_\xea\xb90\xad\x02\xb2\x9c\xab'
