marshal.loads(b'c\x00\x00\x00\x00\x00\x00\x00\x00\x00\x00\x00\x00\x00\x00\x00\x00\x02\x00\x00\x00@\x00\x00\x00s\x0c\x00\x00\x00e\x00d\x00\x83\x01\x01\x00d\x01S\x00)\x02Z\x05helloN)\x01\xda\x05print\xa9\x00r\x01\x00\x00\x00r\x01\x00\x00\x00\xda\x01a\xda\x08<module>\x01\x00\x00\x00s\x02\x00\x00\x00\x0c\x00')