x = 'IIllllllllIlllIIIIlllIIll'

'abcd'

'abcd'

'ab'

"a" + (3)

"a" + (a)

"a" + ("b", a)
