var1 = 1
var2 = "aaaa"
var3 = 1

funcx("aaaa")
funcx("aaaa", "aaaa")
funcx('aaaaaaaa')
[1]
[1]

func = 123


def func(var1):
    r = var1
    return r

def f2(var1):
    x = var1 + "aaaa"
    return var1

var20 = 2
self.var20 = 2


x = 7
for i in range(3):
    x = i
print(x)

global var2
var1 += "a"

aaaa = 7
def f(b, c, aaaa):
    x=aaaa

def f(b, c, aaaa=7):
    x=aaaa

def f(b, c, d=7):
    x=7

sth.aaaa()
"aaaa".decode()

var4, var5 = 1, "a"
(var6, var7) = 8, True

[1, "a", 8, True]

while 7:
    pass

if a == 7:
    pass

var8 = 9
while var8:
    pass
    var8 -= 1

var9 = 9
while 9:
   pass
   c = 3

var10 = "aaaa"
var10 = omg_a_function(sth)
func(var10)

encrypted_payload = b"abcdefghijklmnopqrstuvwxyz"
encrypted_payload = some_func(key=b"\x95",nonce=b"\xff").decrypt(b'mnopqrstuvwxyz')

lIIIlIIIIlllIlIIII=gc
lIllIIIlIlIIIIlIlI=gc.get_referents
